go : # media-backend/services
/telegram
At line:1 char:1
+ go build ./... > 
build_output.txt 2>&1
+ ~~~~~~~~~~~~~~~~~~~~~~~~~~~
~~~~~~~~~~~
    + CategoryInfo           
   : NotSpecified: (# media  
  -backend/services/telegr   
 am:String) [], RemoteExc    
eption
    + FullyQualifiedErrorId  
   : NativeCommandError
 
services\telegram\client.go:6
17:3: syntax error: 
unexpected ( at end of 
statement
services\telegram\client.go:6
34:50: syntax error: 
unexpected name context in 
argument list; possibly 
missing comma or )
